// Jest Snapshot v1, https://goo.gl/fbAQLP

exports[`renders 1`] = `
<DocumentFragment>
  <div>
    <nav
      aria-label="main navigation"
      class="navbar is-dark"
      role="navigation"
    >
      <section
        class="container"
      >
        <div
          class="navbar-brand"
        >
          <a
            class="navbar-item nav-title"
            href="/"
            style="font-weight: bold;"
          >
            Custom Job Search
          </a>
          <span
            class="nav-toggle navbar-burger"
          >
            <span />
            <span />
            <span />
          </span>
        </div>
        <div
          class="navbar-menu"
        >
          <div
            class="navbar-end"
          >
            <a
              class="navbar-item"
              data-testid="nav-register"
              href="/register"
            >
              Register
            </a>
            <a
              class="navbar-item"
              data-testid="nav-login"
              href="/login"
            >
              Log In
            </a>
          </div>
        </div>
      </section>
    </nav>
    <section
      class="section"
    >
      <div
        class="container"
      >
        <div
          class="columns"
        >
          <div
            class="column is-half"
          >
            <br />
            <div>
              <div>
                <h1
                  class="title is-1"
                >
                  Job Search
                </h1>
                <hr />
                <br />
                <form>
                  <div
                    class="field"
                  >
                    <label
                      class="label"
                      for="input-words"
                    >
                      Words
                    </label>
                    <input
                      class="input"
                      id="input-words"
                      name="words"
                      placeholder="Enter words. You can add multiple words separeated by comma."
                      type="text"
                      value=""
                    />
                  </div>
                  <div
                    class="field"
                  >
                    <label
                      class="label"
                      for="input-location"
                    >
                      Location
                    </label>
                    <input
                      class="input"
                      id="input-location"
                      name="location"
                      placeholder="Enter location."
                      type="text"
                      value=""
                    />
                  </div>
                  <input
                    class="button is-primary"
                    type="submit"
                    value="Search Jobs"
                  />
                </form>
              </div>
              <div>
                <table
                  class="table is-hoverable is-fullwidth"
                >
                  <thead>
                    <tr>
                      <th>
                        Company
                      </th>
                      <th>
                        Job Title
                      </th>
                      <th>
                        Location
                      </th>
                      <th>
                        Posted Date
                      </th>
                      <th>
                        Link
                      </th>
                      <th />
                    </tr>
                  </thead>
                  <tbody />
                </table>
              </div>
            </div>
          </div>
        </div>
      </div>
    </section>
  </div>
</DocumentFragment>
`;
